// Jest Snapshot v1, https://goo.gl/fbAQLP

exports[`<DayButton /> renders correctly 1`] = `"<label class=\\"MuiFormControlLabel-root\\"><span class=\\"MuiButtonBase-root MuiIconButton-root PrivateSwitchBase-root-1 MuiCheckbox-root MuiCheckbox-colorPrimary MuiIconButton-colorPrimary\\" aria-disabled=\\"false\\"><span class=\\"MuiIconButton-label\\"><input class=\\"PrivateSwitchBase-input-4\\" id=\\"12\\" name=\\"test\\" type=\\"checkbox\\" data-indeterminate=\\"false\\" value=\\"\\"><svg class=\\"MuiSvgIcon-root\\" focusable=\\"false\\" viewBox=\\"0 0 24 24\\" aria-hidden=\\"true\\"><path d=\\"M19 5v14H5V5h14m0-2H5c-1.1 0-2 .9-2 2v14c0 1.1.9 2 2 2h14c1.1 0 2-.9 2-2V5c0-1.1-.9-2-2-2z\\"></path></svg></span><span class=\\"MuiTouchRipple-root\\"></span></span><span class=\\"MuiTypography-root MuiFormControlLabel-label MuiTypography-body1\\">testlabel</span></label>"`;
