// Jest Snapshot v1, https://goo.gl/fbAQLP

exports[`<Login /> renders correctly 1`] = `"<form name=\\"form\\"><div><label class=\\"MuiFormLabel-root MuiInputLabel-root MuiInputLabel-animated\\" for=\\"input_field_username\\">Username</label><div class=\\"MuiFormControl-root MuiTextField-root\\"><div class=\\"MuiInputBase-root MuiInput-root MuiInput-underline MuiInputBase-formControl MuiInput-formControl\\"><input aria-invalid=\\"false\\" id=\\"input_field_username\\" name=\\"username\\" placeholder=\\"Username\\" type=\\"text\\" class=\\"MuiInputBase-input MuiInput-input\\" value=\\"\\"></div></div></div><div><label class=\\"MuiFormLabel-root MuiInputLabel-root MuiInputLabel-animated\\" for=\\"input_field_password\\">Password</label><div class=\\"MuiFormControl-root MuiTextField-root\\"><div class=\\"MuiInputBase-root MuiInput-root MuiInput-underline MuiInputBase-formControl MuiInput-formControl\\"><input aria-invalid=\\"false\\" id=\\"input_field_password\\" name=\\"password\\" placeholder=\\"Password\\" type=\\"password\\" class=\\"MuiInputBase-input MuiInput-input\\" value=\\"\\"></div></div></div><button type=\\"submit\\">Submit</button></form>"`;
